================================================================
== Design Size Report
================================================================

* Total Instructions per Compilation Phase
+---------------+-----------------------------+--------------+----------------------------------------------------------------------------------------+
| Phase         | Step                        | Instructions | Description                                                                            |
+---------------+-----------------------------+--------------+----------------------------------------------------------------------------------------+
| Compile/Link  |                             |   6,499      | After all functions are compiled and linked into a single design                       |
|               |                             |              |                                                                                        |
| Unroll/Inline |                             |              | After user unroll and inline pragmas are applied                                       |
|               | (1) unroll                  |   7,765      | user unroll pragmas are applied                                                        |
|               | (2) simplification          |   6,149      | simplification of applied user unroll pragmas                                          |
|               | (3) inline                  |   5,841      | user inline pragmas are applied                                                        |
|               | (4) simplification          |   5,640      | simplification of applied user inline pragmas                                          |
|               |                             |              |                                                                                        |
| Array/Struct  |                             |              | After user array partition and struct aggregate/disaggregate pragmas are applied       |
|               | (1) array partition         | 255,212 *    | user array partition pragmas are applied                                               |
|               | (2) simplification          | 133,512 *    | simplification of applied user array partition & struct aggregate/disaggregate pragmas |
|               | (3) aggregate/disaggregate  | 133,512 *    | user struct aggregate/disaggregate pragmas are applied                                 |
|               | (4) array reshape           | 133,512 *    | apply array reshape pragmas                                                            |
|               | (5) access patterns         | 133,651 *    | array access pattern optmizations                                                      |
|               |                             |              |                                                                                        |
| Performance   |                             |              | After transformations are applied to meet performance pragma targets                   |
|               | (1) loop simplification     | 133,588 *    | loop and instruction simplification                                                    |
|               | (2) parallelization         | 133,553 *    | loops are unrolled or pipelined to meet performance targets                            |
|               | (3) array partition         | 133,537 *    | arrays are partitioned to meet performance targets                                     |
|               | (4) simplification          | 133,537 *    | simplification of design after performance transformations                             |
|               |                             |              |                                                                                        |
| HW Transforms |                             |              | After hardware transfomations                                                          |
|               | (1) lowering                | 133,605 *    | initial conversion to HW specific instructions                                         |
|               | (2) optimizations           | 132,820 *    | high level synthesis optimizations                                                     |
+---------------+-----------------------------+--------------+----------------------------------------------------------------------------------------+
    * - Exceeded design size warning message threshold

* Instructions per Function for each Compilation Phase
+------------------------------+-----------------------+-----------------+-----------------+-------------------+-------------------+-------------------+
| Function                     | Location              | Compile/Link    | Unroll/Inline   | Array/Struct      | Performance       | HW Transforms     |
+------------------------------+-----------------------+-----------------+-----------------+-------------------+-------------------+-------------------+
| + Top                        | top.cpp:35            | 6,499           | 5,640           | 133,651 *         | 133,537 *         | 132,820 *         |
|    Load                      | load.cpp:4            |  440 (10 calls) |  310 (10 calls) | 33,680 (10 calls) | 33,680 (10 calls) | 33,710 (10 calls) |
|  + Compute_Add               | mod_add_kernel.cpp:7  |  123            |  136            |  4,777            |  4,776            |  4,783            |
|     AddMod                   | arithmetic.cpp:3      |   41            |                 |                   |                   |                   |
|    Store                     | load.cpp:24           |  264 (6 calls)  |  186 (6 calls)  |  6,756 (6 calls)  |  6,756 (6 calls)  |  6,780 (6 calls)  |
|  + Compute_Sub               | mod_sub_kernel.cpp:7  |  123            |  119            |  4,760            |  4,759            |  4,766            |
|     AddMod                   | arithmetic.cpp:3      |   41            |                 |                   |                   |                   |
|  + Compute_Mult              | mod_mult_kernel.cpp:3 |  540            |  248            |  4,889            |  4,888            |  4,895            |
|     MultMod                  | arithmetic.cpp:57     |  441            |                 |                   |                   |                   |
|    InterLeave                | interleave.cpp:8      |  202 (2 calls)  |  436 (2 calls)  | 39,596 (2 calls)  | 39,592 (2 calls)  | 39,640 (2 calls)  |
|  + Compute_NTT               | ntt_kernel.cpp:319    | 3,418 (2 calls) |                 |                   |                   |                   |
|   + NTT_Kernel               | ntt_kernel.cpp:243    | 3,352 (2 calls) |                 |                   |                   |                   |
|    + compute_indices         | ntt_kernel.cpp:3      |  368 (2 calls)  |                 |                   |                   |                   |
|     + generate_input_index   | ntt_kernel.cpp:20     |  168 (2 calls)  |                 |                   |                   |                   |
|        exact_log2            | ntt_kernel.cpp:11     |   80 (8 calls)  |                 |                   |                   |                   |
|     + generate_output_index  | ntt_kernel.cpp:37     |  194 (2 calls)  |                 |                   |                   |                   |
|        exact_log2            | ntt_kernel.cpp:11     |  100 (10 calls) |                 |                   |                   |                   |
|      read_data               | ntt_kernel.cpp:58     |   80 (2 calls)  |                 |                   |                   |                   |
|      permutate_data          | ntt_kernel.cpp:82     |   38 (2 calls)  |                 |                   |                   |                   |
|      generate_twiddle_index  | ntt_kernel.cpp:94     |   76 (2 calls)  |                 |                   |                   |                   |
|      permute_twiddle_factors | ntt_kernel.cpp:106    |   84 (4 calls)  |                 |                   |                   |                   |
|    + compute_core            | ntt_kernel.cpp:120    | 2,376 (2 calls) |                 |                   |                   |                   |
|     + Configurable_PE        | ntt_kernel.cpp:191    | 2,288 (2 calls) |                 |                   |                   |                   |
|        MultMod               | arithmetic.cpp:57     | 1,764 (4 calls) |                 |                   |                   |                   |
|        AddMod                | arithmetic.cpp:3      |  328 (8 calls)  |                 |                   |                   |                   |
|      repermute_data          | ntt_kernel.cpp:156    |   38 (2 calls)  |                 |                   |                   |                   |
|      rewrite_data            | ntt_kernel.cpp:168    |   80 (2 calls)  |                 |                   |                   |                   |
|  + Compute_BConv             | bconv.cpp:138         | 1,001           |  630            |  4,976            |  4,940            |  4,973            |
|     bconv_systolic           | bconv.cpp:15          |  843            |                 |                   |                   |                   |
|    Compute_Auto              | auto.cpp:47           |   75            |   47            |  3,958            |  3,894            |  3,902            |
|  + NTT_Kernel                | ntt_kernel.cpp:243    |                 | 3,250 (2 calls) | 12,244 (2 calls)  | 12,240 (2 calls)  | 12,342 (2 calls)  |
|     read_data                | ntt_kernel.cpp:58     |                 |  298 (2 calls)  |  2,258 (2 calls)  |  2,258 (2 calls)  |  2,268 (2 calls)  |
|     rewrite_data             | ntt_kernel.cpp:168    |                 |  282 (2 calls)  |  5,448 (2 calls)  |  5,448 (2 calls)  |  5,458 (2 calls)  |
+------------------------------+-----------------------+-----------------+-----------------+-------------------+-------------------+-------------------+
    * - Exceeded design size warning message threshold

* Design Size Message Settings
+---------------------------------------------+--------+------------------------------------------------------------------+
| Message Setting                             | Value  | Description                                                      |
+---------------------------------------------+--------+------------------------------------------------------------------+
| config_compile -design_size_maximum_warning | 100000 | Show a warning when total design instructions exceeds this value |
+---------------------------------------------+--------+------------------------------------------------------------------+


