

================================================================
== Vitis HLS Report for 'NTT_Kernel_Pipeline_VITIS_LOOP_162_1'
================================================================
* Date:           Mon Apr 13 22:58:22 2026

* Version:        2024.1 (Build 5069499 on May 21 2024)
* Project:        Solution
* Solution:       solution1 (Vivado IP Flow Target)
* Product family: virtexuplusHBM
* Target device:  xcu55c-fsvh2892-2L-e


================================================================
== Performance Estimates
================================================================
+ Timing: 
    * Summary: 
    +--------+---------+----------+------------+
    |  Clock |  Target | Estimated| Uncertainty|
    +--------+---------+----------+------------+
    |ap_clk  |  4.00 ns|  2.012 ns|     1.08 ns|
    +--------+---------+----------+------------+

+ Latency: 
    * Summary: 
    +---------+---------+----------+----------+-----+-----+-----------------------------------------------+
    |  Latency (cycles) |  Latency (absolute) |  Interval |                    Pipeline                   |
    |   min   |   max   |    min   |    max   | min | max |                      Type                     |
    +---------+---------+----------+----------+-----+-----+-----------------------------------------------+
    |       35|       35|  0.140 us|  0.140 us|   34|   34|  loop auto-rewind stp(delay=0 clock cycles(s))|
    +---------+---------+----------+----------+-----+-----+-----------------------------------------------+

    + Detail: 
        * Instance: 
        N/A

        * Loop: 
        +--------------------+---------+---------+----------+-----------+-----------+------+----------+
        |                    |  Latency (cycles) | Iteration|  Initiation Interval  | Trip |          |
        |      Loop Name     |   min   |   max   |  Latency |  achieved |   target  | Count| Pipelined|
        +--------------------+---------+---------+----------+-----------+-----------+------+----------+
        |- VITIS_LOOP_162_1  |       33|       33|         6|          4|          1|     8|       yes|
        +--------------------+---------+---------+----------+-----------+-----------+------+----------+



================================================================
== Utilization Estimates
================================================================
* Summary: 
+---------------------+---------+------+---------+---------+-----+
|         Name        | BRAM_18K|  DSP |    FF   |   LUT   | URAM|
+---------------------+---------+------+---------+---------+-----+
|DSP                  |        -|     -|        -|        -|    -|
|Expression           |        -|     -|        0|       16|    -|
|FIFO                 |        -|     -|        -|        -|    -|
|Instance             |        -|     -|        0|      344|    -|
|Memory               |        -|     -|        -|        -|    -|
|Multiplexer          |        -|     -|        0|      496|    -|
|Register             |        -|     -|       63|        -|    -|
+---------------------+---------+------+---------+---------+-----+
|Total                |        0|     0|       63|      856|    0|
+---------------------+---------+------+---------+---------+-----+
|Available SLR        |     1344|  3008|   869120|   434560|  320|
+---------------------+---------+------+---------+---------+-----+
|Utilization SLR (%)  |        0|     0|       ~0|       ~0|    0|
+---------------------+---------+------+---------+---------+-----+
|Available            |     4032|  9024|  2607360|  1303680|  960|
+---------------------+---------+------+---------+---------+-----+
|Utilization (%)      |        0|     0|       ~0|       ~0|    0|
+---------------------+---------+------+---------+---------+-----+

+ Detail: 
    * Instance: 
    +-----------------------------+-----------------------+---------+----+---+----+-----+
    |           Instance          |         Module        | BRAM_18K| DSP| FF| LUT| URAM|
    +-----------------------------+-----------------------+---------+----+---+----+-----+
    |sparsemux_17_3_64_1_1_U7866  |sparsemux_17_3_64_1_1  |        0|   0|  0|  43|    0|
    |sparsemux_17_3_64_1_1_U7867  |sparsemux_17_3_64_1_1  |        0|   0|  0|  43|    0|
    |sparsemux_17_3_64_1_1_U7868  |sparsemux_17_3_64_1_1  |        0|   0|  0|  43|    0|
    |sparsemux_17_3_64_1_1_U7869  |sparsemux_17_3_64_1_1  |        0|   0|  0|  43|    0|
    |sparsemux_17_3_64_1_1_U7870  |sparsemux_17_3_64_1_1  |        0|   0|  0|  43|    0|
    |sparsemux_17_3_64_1_1_U7871  |sparsemux_17_3_64_1_1  |        0|   0|  0|  43|    0|
    |sparsemux_17_3_64_1_1_U7872  |sparsemux_17_3_64_1_1  |        0|   0|  0|  43|    0|
    |sparsemux_17_3_64_1_1_U7873  |sparsemux_17_3_64_1_1  |        0|   0|  0|  43|    0|
    +-----------------------------+-----------------------+---------+----+---+----+-----+
    |Total                        |                       |        0|   0|  0| 344|    0|
    +-----------------------------+-----------------------+---------+----+---+----+-----+

    * DSP: 
    N/A

    * Memory: 
    N/A

    * FIFO: 
    N/A

    * Expression: 
    +---------------------+----------+----+---+----+------------+------------+
    |    Variable Name    | Operation| DSP| FF| LUT| Bitwidth P0| Bitwidth P1|
    +---------------------+----------+----+---+----+------------+------------+
    |add_ln162_fu_938_p2  |         +|   0|  0|  14|           7|           4|
    |ap_enable_pp0        |       xor|   0|  0|   2|           1|           2|
    +---------------------+----------+----+---+----+------------+------------+
    |Total                |          |   0|  0|  16|           8|           6|
    +---------------------+----------+----+---+----+------------+------------+

    * Multiplexer: 
    +-----------------------------+----+-----------+-----+-----------+
    |             Name            | LUT| Input Size| Bits| Total Bits|
    +-----------------------------+----+-----------+-----+-----------+
    |NTTData_1_address0_local     |  26|          5|    3|         15|
    |NTTData_1_address1_local     |  26|          5|    3|         15|
    |NTTData_2_address0_local     |  26|          5|    3|         15|
    |NTTData_2_address1_local     |  26|          5|    3|         15|
    |NTTData_3_address0_local     |  26|          5|    3|         15|
    |NTTData_3_address1_local     |  26|          5|    3|         15|
    |NTTData_4_address0_local     |  26|          5|    3|         15|
    |NTTData_4_address1_local     |  26|          5|    3|         15|
    |NTTData_5_address0_local     |  26|          5|    3|         15|
    |NTTData_5_address1_local     |  26|          5|    3|         15|
    |NTTData_6_address0_local     |  26|          5|    3|         15|
    |NTTData_6_address1_local     |  26|          5|    3|         15|
    |NTTData_7_address0_local     |  26|          5|    3|         15|
    |NTTData_7_address1_local     |  26|          5|    3|         15|
    |NTTData_address0_local       |  26|          5|    3|         15|
    |NTTData_address1_local       |  26|          5|    3|         15|
    |ap_NS_fsm                    |  26|          5|    1|          5|
    |ap_done_int                  |   9|          2|    1|          2|
    |ap_enable_reg_pp0_iter0      |   9|          2|    1|          2|
    |ap_enable_reg_pp0_iter0_reg  |   9|          2|    1|          2|
    |ap_enable_reg_pp0_iter1      |   9|          2|    1|          2|
    |ap_sig_allocacmp_l_9         |   9|          2|    7|         14|
    |l_fu_104                     |   9|          2|    7|         14|
    +-----------------------------+----+-----------+-----+-----------+
    |Total                        | 496|         97|   67|        281|
    +-----------------------------+----+-----------+-----+-----------+

    * Register: 
    +-----------------------------------+---+----+-----+-----------+
    |                Name               | FF| LUT| Bits| Const Bits|
    +-----------------------------------+---+----+-----+-----------+
    |ap_CS_fsm                          |  4|   0|    4|          0|
    |ap_done_reg                        |  1|   0|    1|          0|
    |ap_enable_reg_pp0_iter0_reg        |  1|   0|    1|          0|
    |ap_enable_reg_pp0_iter1            |  1|   0|    1|          0|
    |l_fu_104                           |  7|   0|    7|          0|
    |lshr_ln164_2_reg_1629              |  3|   0|    3|          0|
    |lshr_ln164_3_reg_1639              |  3|   0|    3|          0|
    |lshr_ln164_4_reg_1649              |  3|   0|    3|          0|
    |lshr_ln164_5_reg_1659              |  3|   0|    3|          0|
    |lshr_ln164_6_reg_1669              |  3|   0|    3|          0|
    |lshr_ln164_7_reg_1679              |  3|   0|    3|          0|
    |tmp_reg_1478                       |  1|   0|    1|          0|
    |trunc_ln164_1_reg_1579             |  3|   0|    3|          0|
    |trunc_ln164_2_reg_1624             |  3|   0|    3|          0|
    |trunc_ln164_3_reg_1634             |  3|   0|    3|          0|
    |trunc_ln164_4_reg_1644             |  3|   0|    3|          0|
    |trunc_ln164_5_reg_1654             |  3|   0|    3|          0|
    |trunc_ln164_6_reg_1664             |  3|   0|    3|          0|
    |trunc_ln164_7_reg_1674             |  3|   0|    3|          0|
    |trunc_ln164_reg_1534               |  3|   0|    3|          0|
    |zext_ln162_reg_1482                |  3|   0|   64|         61|
    |zext_ln162_reg_1482_pp0_iter1_reg  |  3|   0|   64|         61|
    +-----------------------------------+---+----+-----+-----------+
    |Total                              | 63|   0|  185|        122|
    +-----------------------------------+---+----+-----+-----------+



================================================================
== Interface
================================================================
* Summary: 
+--------------------------+-----+-----+------------+--------------------------------------+--------------+
|         RTL Ports        | Dir | Bits|  Protocol  |             Source Object            |    C Type    |
+--------------------------+-----+-----+------------+--------------------------------------+--------------+
|ap_clk                    |   in|    1|  ap_ctrl_hs|  NTT_Kernel_Pipeline_VITIS_LOOP_162_1|  return value|
|ap_rst                    |   in|    1|  ap_ctrl_hs|  NTT_Kernel_Pipeline_VITIS_LOOP_162_1|  return value|
|ap_start                  |   in|    1|  ap_ctrl_hs|  NTT_Kernel_Pipeline_VITIS_LOOP_162_1|  return value|
|ap_done                   |  out|    1|  ap_ctrl_hs|  NTT_Kernel_Pipeline_VITIS_LOOP_162_1|  return value|
|ap_idle                   |  out|    1|  ap_ctrl_hs|  NTT_Kernel_Pipeline_VITIS_LOOP_162_1|  return value|
|ap_ready                  |  out|    1|  ap_ctrl_hs|  NTT_Kernel_Pipeline_VITIS_LOOP_162_1|  return value|
|RepermuteData_7_address0  |  out|    3|   ap_memory|                       RepermuteData_7|         array|
|RepermuteData_7_ce0       |  out|    1|   ap_memory|                       RepermuteData_7|         array|
|RepermuteData_7_we0       |  out|    1|   ap_memory|                       RepermuteData_7|         array|
|RepermuteData_7_d0        |  out|   64|   ap_memory|                       RepermuteData_7|         array|
|RepermuteData_6_address0  |  out|    3|   ap_memory|                       RepermuteData_6|         array|
|RepermuteData_6_ce0       |  out|    1|   ap_memory|                       RepermuteData_6|         array|
|RepermuteData_6_we0       |  out|    1|   ap_memory|                       RepermuteData_6|         array|
|RepermuteData_6_d0        |  out|   64|   ap_memory|                       RepermuteData_6|         array|
|RepermuteData_5_address0  |  out|    3|   ap_memory|                       RepermuteData_5|         array|
|RepermuteData_5_ce0       |  out|    1|   ap_memory|                       RepermuteData_5|         array|
|RepermuteData_5_we0       |  out|    1|   ap_memory|                       RepermuteData_5|         array|
|RepermuteData_5_d0        |  out|   64|   ap_memory|                       RepermuteData_5|         array|
|RepermuteData_4_address0  |  out|    3|   ap_memory|                       RepermuteData_4|         array|
|RepermuteData_4_ce0       |  out|    1|   ap_memory|                       RepermuteData_4|         array|
|RepermuteData_4_we0       |  out|    1|   ap_memory|                       RepermuteData_4|         array|
|RepermuteData_4_d0        |  out|   64|   ap_memory|                       RepermuteData_4|         array|
|RepermuteData_3_address0  |  out|    3|   ap_memory|                       RepermuteData_3|         array|
|RepermuteData_3_ce0       |  out|    1|   ap_memory|                       RepermuteData_3|         array|
|RepermuteData_3_we0       |  out|    1|   ap_memory|                       RepermuteData_3|         array|
|RepermuteData_3_d0        |  out|   64|   ap_memory|                       RepermuteData_3|         array|
|RepermuteData_2_address0  |  out|    3|   ap_memory|                       RepermuteData_2|         array|
|RepermuteData_2_ce0       |  out|    1|   ap_memory|                       RepermuteData_2|         array|
|RepermuteData_2_we0       |  out|    1|   ap_memory|                       RepermuteData_2|         array|
|RepermuteData_2_d0        |  out|   64|   ap_memory|                       RepermuteData_2|         array|
|RepermuteData_1_address0  |  out|    3|   ap_memory|                       RepermuteData_1|         array|
|RepermuteData_1_ce0       |  out|    1|   ap_memory|                       RepermuteData_1|         array|
|RepermuteData_1_we0       |  out|    1|   ap_memory|                       RepermuteData_1|         array|
|RepermuteData_1_d0        |  out|   64|   ap_memory|                       RepermuteData_1|         array|
|RepermuteData_address0    |  out|    3|   ap_memory|                         RepermuteData|         array|
|RepermuteData_ce0         |  out|    1|   ap_memory|                         RepermuteData|         array|
|RepermuteData_we0         |  out|    1|   ap_memory|                         RepermuteData|         array|
|RepermuteData_d0          |  out|   64|   ap_memory|                         RepermuteData|         array|
|OutputIndex_address0      |  out|    3|   ap_memory|                           OutputIndex|         array|
|OutputIndex_ce0           |  out|    1|   ap_memory|                           OutputIndex|         array|
|OutputIndex_q0            |   in|    6|   ap_memory|                           OutputIndex|         array|
|NTTData_address0          |  out|    3|   ap_memory|                               NTTData|         array|
|NTTData_ce0               |  out|    1|   ap_memory|                               NTTData|         array|
|NTTData_q0                |   in|   64|   ap_memory|                               NTTData|         array|
|NTTData_address1          |  out|    3|   ap_memory|                               NTTData|         array|
|NTTData_ce1               |  out|    1|   ap_memory|                               NTTData|         array|
|NTTData_q1                |   in|   64|   ap_memory|                               NTTData|         array|
|NTTData_1_address0        |  out|    3|   ap_memory|                             NTTData_1|         array|
|NTTData_1_ce0             |  out|    1|   ap_memory|                             NTTData_1|         array|
|NTTData_1_q0              |   in|   64|   ap_memory|                             NTTData_1|         array|
|NTTData_1_address1        |  out|    3|   ap_memory|                             NTTData_1|         array|
|NTTData_1_ce1             |  out|    1|   ap_memory|                             NTTData_1|         array|
|NTTData_1_q1              |   in|   64|   ap_memory|                             NTTData_1|         array|
|NTTData_2_address0        |  out|    3|   ap_memory|                             NTTData_2|         array|
|NTTData_2_ce0             |  out|    1|   ap_memory|                             NTTData_2|         array|
|NTTData_2_q0              |   in|   64|   ap_memory|                             NTTData_2|         array|
|NTTData_2_address1        |  out|    3|   ap_memory|                             NTTData_2|         array|
|NTTData_2_ce1             |  out|    1|   ap_memory|                             NTTData_2|         array|
|NTTData_2_q1              |   in|   64|   ap_memory|                             NTTData_2|         array|
|NTTData_3_address0        |  out|    3|   ap_memory|                             NTTData_3|         array|
|NTTData_3_ce0             |  out|    1|   ap_memory|                             NTTData_3|         array|
|NTTData_3_q0              |   in|   64|   ap_memory|                             NTTData_3|         array|
|NTTData_3_address1        |  out|    3|   ap_memory|                             NTTData_3|         array|
|NTTData_3_ce1             |  out|    1|   ap_memory|                             NTTData_3|         array|
|NTTData_3_q1              |   in|   64|   ap_memory|                             NTTData_3|         array|
|NTTData_4_address0        |  out|    3|   ap_memory|                             NTTData_4|         array|
|NTTData_4_ce0             |  out|    1|   ap_memory|                             NTTData_4|         array|
|NTTData_4_q0              |   in|   64|   ap_memory|                             NTTData_4|         array|
|NTTData_4_address1        |  out|    3|   ap_memory|                             NTTData_4|         array|
|NTTData_4_ce1             |  out|    1|   ap_memory|                             NTTData_4|         array|
|NTTData_4_q1              |   in|   64|   ap_memory|                             NTTData_4|         array|
|NTTData_5_address0        |  out|    3|   ap_memory|                             NTTData_5|         array|
|NTTData_5_ce0             |  out|    1|   ap_memory|                             NTTData_5|         array|
|NTTData_5_q0              |   in|   64|   ap_memory|                             NTTData_5|         array|
|NTTData_5_address1        |  out|    3|   ap_memory|                             NTTData_5|         array|
|NTTData_5_ce1             |  out|    1|   ap_memory|                             NTTData_5|         array|
|NTTData_5_q1              |   in|   64|   ap_memory|                             NTTData_5|         array|
|NTTData_6_address0        |  out|    3|   ap_memory|                             NTTData_6|         array|
|NTTData_6_ce0             |  out|    1|   ap_memory|                             NTTData_6|         array|
|NTTData_6_q0              |   in|   64|   ap_memory|                             NTTData_6|         array|
|NTTData_6_address1        |  out|    3|   ap_memory|                             NTTData_6|         array|
|NTTData_6_ce1             |  out|    1|   ap_memory|                             NTTData_6|         array|
|NTTData_6_q1              |   in|   64|   ap_memory|                             NTTData_6|         array|
|NTTData_7_address0        |  out|    3|   ap_memory|                             NTTData_7|         array|
|NTTData_7_ce0             |  out|    1|   ap_memory|                             NTTData_7|         array|
|NTTData_7_q0              |   in|   64|   ap_memory|                             NTTData_7|         array|
|NTTData_7_address1        |  out|    3|   ap_memory|                             NTTData_7|         array|
|NTTData_7_ce1             |  out|    1|   ap_memory|                             NTTData_7|         array|
|NTTData_7_q1              |   in|   64|   ap_memory|                             NTTData_7|         array|
|OutputIndex_1_address0    |  out|    3|   ap_memory|                         OutputIndex_1|         array|
|OutputIndex_1_ce0         |  out|    1|   ap_memory|                         OutputIndex_1|         array|
|OutputIndex_1_q0          |   in|    6|   ap_memory|                         OutputIndex_1|         array|
|OutputIndex_2_address0    |  out|    3|   ap_memory|                         OutputIndex_2|         array|
|OutputIndex_2_ce0         |  out|    1|   ap_memory|                         OutputIndex_2|         array|
|OutputIndex_2_q0          |   in|    6|   ap_memory|                         OutputIndex_2|         array|
|OutputIndex_3_address0    |  out|    3|   ap_memory|                         OutputIndex_3|         array|
|OutputIndex_3_ce0         |  out|    1|   ap_memory|                         OutputIndex_3|         array|
|OutputIndex_3_q0          |   in|    6|   ap_memory|                         OutputIndex_3|         array|
|OutputIndex_4_address0    |  out|    3|   ap_memory|                         OutputIndex_4|         array|
|OutputIndex_4_ce0         |  out|    1|   ap_memory|                         OutputIndex_4|         array|
|OutputIndex_4_q0          |   in|    6|   ap_memory|                         OutputIndex_4|         array|
|OutputIndex_5_address0    |  out|    3|   ap_memory|                         OutputIndex_5|         array|
|OutputIndex_5_ce0         |  out|    1|   ap_memory|                         OutputIndex_5|         array|
|OutputIndex_5_q0          |   in|    6|   ap_memory|                         OutputIndex_5|         array|
|OutputIndex_6_address0    |  out|    3|   ap_memory|                         OutputIndex_6|         array|
|OutputIndex_6_ce0         |  out|    1|   ap_memory|                         OutputIndex_6|         array|
|OutputIndex_6_q0          |   in|    6|   ap_memory|                         OutputIndex_6|         array|
|OutputIndex_7_address0    |  out|    3|   ap_memory|                         OutputIndex_7|         array|
|OutputIndex_7_ce0         |  out|    1|   ap_memory|                         OutputIndex_7|         array|
|OutputIndex_7_q0          |   in|    6|   ap_memory|                         OutputIndex_7|         array|
+--------------------------+-----+-----+------------+--------------------------------------+--------------+

